MPLINK 4.35, Linker
Linker Map File - Created Fri Mar 15 11:17:42 2013

                                 Section Info
                  Section       Type    Address   Location Size(Bytes)
                ---------  ---------  ---------  ---------  ---------
               _entry_scn       code   0x000000    program   0x000006
       .code__user_putc.o       code   0x000006    program   0x000002
              high_vector       code   0x000008    program   0x000006
                   .cinit    romdata   0x00000e    program   0x000026
         .code_vfprintf.o       code   0x000034    program   0x000c22
         .code_sumovore.o       code   0x000c56    program   0x0005b2
       .code_robot_test.o       code   0x001208    program   0x00021a
              .code_osc.o       code   0x001422    program   0x0001cc
    .code_motor_control.o       code   0x0015ee    program   0x000136
.code_my_delay_functions.o       code   0x001724    program   0x0000ce
               _cinit_scn       code   0x0017f2    program   0x00009e
           .code_printf.o       code   0x001890    program   0x000098
            .code_uopen.o       code   0x001928    program   0x00008a
             .code_putc.o       code   0x0019b2    program   0x000084
          .code_pw2open.o       code   0x001a36    program   0x000076
          .code_fxm3232.o       code   0x001aac    program   0x000070
             .stringtable    romdata   0x001b1c    program   0x00006f
         .romdata_ispor.o    romdata   0x001b8b    program   0x000000
       .romdata_adcbusy.o    romdata   0x001b8b    program   0x000000
        .romdata_stdout.o    romdata   0x001b8b    program   0x000000
      .romdata_adcsetch.o    romdata   0x001b8b    program   0x000000
       .romdata_adcopen.o    romdata   0x001b8b    program   0x000000
       .idata_pw1open.o_i    romdata   0x001b8b    program   0x000000
       .romdata_pw1open.o    romdata   0x001b8b    program   0x000000
       .idata_pw2open.o_i    romdata   0x001b8b    program   0x000000
       .romdata_pw2open.o    romdata   0x001b8b    program   0x000000
        .romdata___init.o    romdata   0x001b8b    program   0x000000
        .idata_printf.o_i    romdata   0x001b8b    program   0x000000
        .idata_t0open.o_i    romdata   0x001b8b    program   0x000000
         .idata_ispor.o_i    romdata   0x001b8b    program   0x000000
        .romdata_t0open.o    romdata   0x001b8b    program   0x000000
         .romdata_uopen.o    romdata   0x001b8b    program   0x000000
        .romdata_printf.o    romdata   0x001b8b    program   0x000000
         .idata_uopen.o_i    romdata   0x001b8b    program   0x000000
    .idata_interrupts.o_i    romdata   0x001b8b    program   0x000001
    .romdata_interrupts.o    romdata   0x001b8b    program   0x000000
          .idata_main.o_i    romdata   0x001b8b    program   0x000000
          .romdata_main.o    romdata   0x001b8b    program   0x000000
    .idata_robot_test.o_i    romdata   0x001b8b    program   0x000000
    .romdata_robot_test.o    romdata   0x001b8b    program   0x000000
.idata_my_delay_functions.o_i    romdata   0x001b8b    program   0x000000
.romdata_my_delay_functions.o    romdata   0x001b8b    program   0x000000
      .romdata_fxd3232u.o    romdata   0x001b8b    program   0x000000
          .code_adcopen.o       code   0x001b8c    program   0x00006e
             .code_main.o       code   0x001bfa    program   0x000068
                   STRING       code   0x001c62    program   0x000066
         .code_pw2setdc.o       code   0x001cc8    program   0x00005e
         .code_pw1setdc.o       code   0x001d26    program   0x00005e
                     PROG       code   0x001d84    program   0x00005a
         .code_fxd3232u.o       code   0x001dde    program   0x000048
           .code_t0open.o       code   0x001e26    program   0x000038
           .code_t2open.o       code   0x001e5e    program   0x000036
          .code_pw1open.o       code   0x001e94    program   0x000030
             D10KTCYXCODE       code   0x001ec4    program   0x00002e
         .code_adcsetch.o       code   0x001ef2    program   0x00002e
       .code_interrupts.o       code   0x001f20    program   0x00002c
                    CTYPE       code   0x001f4c    program   0x000024
              D1KTCYXCODE       code   0x001f70    program   0x000020
                    .code       code   0x001f90    program   0x000020
             _startup_scn       code   0x001fb0    program   0x00001c
                    STDIO       code   0x001fcc    program   0x00001c
          .code_iswdtto.o       code   0x001fe8    program   0x000018
            .code_ispor.o       code   0x002000    program   0x000018
          .code_adcread.o       code   0x002018    program   0x000012
      .romdata_vfprintf.o    romdata   0x00202a    program   0x000011
         .idata_isbor.o_i    romdata   0x00203b    program   0x000000
         .romdata_isbor.o    romdata   0x00203b    program   0x000000
       .idata_fxm3232.o_i    romdata   0x00203b    program   0x000000
      .idata_vfprintf.o_i    romdata   0x00203b    program   0x000000
       .romdata_fxm3232.o    romdata   0x00203b    program   0x000000
          .idata_putc.o_i    romdata   0x00203b    program   0x000000
       .idata_iswdtto.o_i    romdata   0x00203b    program   0x000000
          .romdata_putc.o    romdata   0x00203b    program   0x000000
       .romdata_iswdtto.o    romdata   0x00203b    program   0x000000
      .idata_fxd3232u.o_i    romdata   0x00203b    program   0x000000
    .romdata__user_putc.o    romdata   0x00203b    program   0x000000
    .idata__user_putc.o_i    romdata   0x00203b    program   0x000000
         .idata_c018i.o_i    romdata   0x00203b    program   0x000000
         .romdata_c018i.o    romdata   0x00203b    program   0x000000
 .idata_motor_control.o_i    romdata   0x00203b    program   0x000000
 .romdata_motor_control.o    romdata   0x00203b    program   0x000000
      .romdata_sumovore.o    romdata   0x00203b    program   0x000000
           .idata_osc.o_i    romdata   0x00203b    program   0x000000
           .romdata_osc.o    romdata   0x00203b    program   0x000000
       .idata_adcbusy.o_i    romdata   0x00203b    program   0x000000
       .idata_adcconv.o_i    romdata   0x00203b    program   0x000000
       .romdata_adcconv.o    romdata   0x00203b    program   0x000000
       .idata_adcopen.o_i    romdata   0x00203b    program   0x000000
        .idata_t2open.o_i    romdata   0x00203b    program   0x000000
        .romdata_t2open.o    romdata   0x00203b    program   0x000000
        .idata___init.o_i    romdata   0x00203b    program   0x000000
       .romdata_statrst.o    romdata   0x00203b    program   0x000000
       .idata_statrst.o_i    romdata   0x00203b    program   0x000000
      .romdata_pw2setdc.o    romdata   0x00203b    program   0x000000
      .idata_pw2setdc.o_i    romdata   0x00203b    program   0x000000
      .romdata_pw1setdc.o    romdata   0x00203b    program   0x000000
       .idata_adcread.o_i    romdata   0x00203b    program   0x000000
       .romdata_adcread.o    romdata   0x00203b    program   0x000000
      .idata_adcsetch.o_i    romdata   0x00203b    program   0x000000
      .idata_pw1setdc.o_i    romdata   0x00203b    program   0x000000
           .code_stdout.o       code   0x00203c    program   0x000000
            .code_isbor.o       code   0x00203c    program   0x00000c
            .code_c018i.o       code   0x00203c    program   0x000000
          .code_adcbusy.o       code   0x002048    program   0x00000a
          .code_statrst.o       code   0x002052    program   0x000006
          .code_adcconv.o       code   0x002058    program   0x000004
           .code___init.o       code   0x00205c    program   0x000002
      .idata_sumovore.o_i    romdata   0x00205e    program   0x00000f
        .idata_stdout.o_i    romdata   0x00206d    program   0x000002
.config_300001_sumovore.o    romdata   0x300001    program   0x000001
.config_300002_sumovore.o    romdata   0x300002    program   0x000001
.config_300003_sumovore.o    romdata   0x300003    program   0x000001
.config_300005_sumovore.o    romdata   0x300005    program   0x000001
.config_300006_sumovore.o    romdata   0x300006    program   0x000001
                MATH_DATA      udata   0x000000       data   0x000014
                 .tmpdata      udata   0x000014       data   0x000007
                DELAYDAT2      udata   0x00001b       data   0x000001
                DELAYDAT1      udata   0x00001c       data   0x000001
        .idata_sumovore.o      idata   0x000080       data   0x00000f
           .udata_c018i.o      udata   0x00008f       data   0x00000a
        .udata_sumovore.o      udata   0x000099       data   0x000002
          .idata_stdout.o      idata   0x00009b       data   0x000002
      .idata_interrupts.o      idata   0x00009d       data   0x000001
        .udata_pw1setdc.o      udata   0x00009e       data   0x000000
        .idata_pw1setdc.o      idata   0x00009e       data   0x000000
        .udata_pw2setdc.o      udata   0x00009e       data   0x000000
        .idata_pw2setdc.o      idata   0x00009e       data   0x000000
         .udata_statrst.o      udata   0x00009e       data   0x000000
         .idata_statrst.o      idata   0x00009e       data   0x000000
          .udata___init.o      udata   0x00009e       data   0x000000
          .idata___init.o      idata   0x00009e       data   0x000000
           .udata_isbor.o      udata   0x00009e       data   0x000000
           .idata_isbor.o      idata   0x00009e       data   0x000000
           .udata_ispor.o      udata   0x00009e       data   0x000000
        .udata_adcsetch.o      udata   0x00009e       data   0x000000
        .idata_adcsetch.o      idata   0x00009e       data   0x000000
           .idata_ispor.o      idata   0x00009e       data   0x000000
         .udata_iswdtto.o      udata   0x00009e       data   0x000000
         .idata_iswdtto.o      idata   0x00009e       data   0x000000
          .udata_printf.o      udata   0x00009e       data   0x000000
          .idata_printf.o      idata   0x00009e       data   0x000000
          .udata_stdout.o      udata   0x00009e       data   0x000000
        .udata_vfprintf.o      udata   0x00009e       data   0x000000
        .idata_vfprintf.o      idata   0x00009e       data   0x000000
        .udata_fxd3232u.o      udata   0x00009e       data   0x000000
        .idata_fxd3232u.o      idata   0x00009e       data   0x000000
         .udata_fxm3232.o      udata   0x00009e       data   0x000000
         .idata_fxm3232.o      idata   0x00009e       data   0x000000
            .udata_putc.o      udata   0x00009e       data   0x000000
            .idata_putc.o      idata   0x00009e       data   0x000000
      .udata__user_putc.o      udata   0x00009e       data   0x000000
      .idata__user_putc.o      idata   0x00009e       data   0x000000
           .idata_c018i.o      idata   0x00009e       data   0x000000
      .udata_interrupts.o      udata   0x00009e       data   0x000000
            .udata_main.o      udata   0x00009e       data   0x000000
            .idata_main.o      idata   0x00009e       data   0x000000
   .udata_motor_control.o      udata   0x00009e       data   0x000000
   .idata_motor_control.o      idata   0x00009e       data   0x000000
      .udata_robot_test.o      udata   0x00009e       data   0x000000
      .idata_robot_test.o      idata   0x00009e       data   0x000000
.udata_my_delay_functions.o      udata   0x00009e       data   0x000000
.idata_my_delay_functions.o      idata   0x00009e       data   0x000000
             .udata_osc.o      udata   0x00009e       data   0x000000
             .idata_osc.o      idata   0x00009e       data   0x000000
         .udata_adcbusy.o      udata   0x00009e       data   0x000000
         .idata_adcbusy.o      idata   0x00009e       data   0x000000
         .udata_adcconv.o      udata   0x00009e       data   0x000000
         .idata_adcconv.o      idata   0x00009e       data   0x000000
         .udata_adcopen.o      udata   0x00009e       data   0x000000
         .idata_adcopen.o      idata   0x00009e       data   0x000000
         .udata_pw1open.o      udata   0x00009e       data   0x000000
         .idata_pw1open.o      idata   0x00009e       data   0x000000
         .udata_pw2open.o      udata   0x00009e       data   0x000000
         .idata_pw2open.o      idata   0x00009e       data   0x000000
          .udata_t0open.o      udata   0x00009e       data   0x000000
          .idata_t0open.o      idata   0x00009e       data   0x000000
          .udata_t2open.o      udata   0x00009e       data   0x000000
          .idata_t2open.o      idata   0x00009e       data   0x000000
           .udata_uopen.o      udata   0x00009e       data   0x000000
           .idata_uopen.o      idata   0x00009e       data   0x000000
         .udata_adcread.o      udata   0x00009e       data   0x000000
         .idata_adcread.o      idata   0x00009e       data   0x000000
                   .stack      udata   0x000e00       data   0x000100
            SFR_UNBANKED0      udata   0x000f80       data   0x000080



                              Program Memory Usage 
                               Start         End      
                           ---------   ---------      
                            0x000000    0x00203a      
                            0x00203c    0x00206e      
                            0x300001    0x300003      
                            0x300005    0x300006      
            8307 out of 50200 program addresses used, program memory utilization is 16%



                              Symbols - Sorted by Name
                     Name    Address   Location    Storage File                     
                ---------  ---------  ---------  --------- ---------                
                  BORtask   0x0010a4    program     extern C:\Users\Brad\Documents\GitHub\hermesbot\sumovore.c
                  BusyADC   0x002048    program     extern C:\MCC18\src\pmc_common\ADC\adcbusy.c
               ConvertADC   0x002058    program     extern C:\MCC18\src\pmc_common\ADC\adcconv.c
                   D10K_1   0x001ed0    program     static C:\MCC18\src\traditional\delays\d10ktcyx.asm
                    D10Kl   0x001edc    program     static C:\MCC18\src\traditional\delays\d10ktcyx.asm
                    D10Kx   0x001ece    program     static C:\MCC18\src\traditional\delays\d10ktcyx.asm
                    D1K_1   0x001f7c    program     static C:\MCC18\src\traditional\delays\d1ktcyx.asm
                     D1Kx   0x001f7a    program     static C:\MCC18\src\traditional\delays\d1ktcyx.asm
             Delay10KTCYx   0x001ec4    program     extern C:\MCC18\src\traditional\delays\d10ktcyx.asm
              Delay1KTCYx   0x001f70    program     extern C:\MCC18\src\traditional\delays\d1ktcyx.asm
                 FXD3232U   0x001dde    program     extern C:\MCC18\src\traditional\math\fxd3232u.c
                 FXM1616S   0x001d84    program     extern C:\MCC18\src\traditional\math\fxm1616s.asm
                  FXM3232   0x001aac    program     extern C:\MCC18\src\traditional\math\fxm3232.c
                   LVtrap   0x001152    program     extern C:\Users\Brad\Documents\GitHub\hermesbot\sumovore.c
                  OpenADC   0x001b8c    program     extern C:\MCC18\src\pmc_common\ADC\adcopen.c
                 OpenPWM1   0x001e94    program     extern C:\MCC18\src\pmc_common\PWM\pw1open.c
         OpenPWM1ConfigIO   0x001ec0    program     extern C:\MCC18\src\pmc_common\PWM\pw1open.c
                 OpenPWM2   0x001a36    program     extern C:\MCC18\src\pmc_common\PWM\pw2open.c
               OpenTimer0   0x001e26    program     extern C:\MCC18\src\pmc_common\Timers\t0open.c
               OpenTimer2   0x001e5e    program     extern C:\MCC18\src\pmc_common\Timers\t2open.c
                OpenUSART   0x001928    program     extern C:\MCC18\src\pmc_common\USART\uopen.c
                  PORtask   0x000faa    program     extern C:\Users\Brad\Documents\GitHub\hermesbot\sumovore.c
                RESETtask   0x001116    program     extern C:\Users\Brad\Documents\GitHub\hermesbot\sumovore.c
                  ReadADC   0x002018    program     extern C:\MCC18\src\pmc_common\ADC\adcread.c
               STKFULtask   0x0010f0    program     extern C:\Users\Brad\Documents\GitHub\hermesbot\sumovore.c
               SetChanADC   0x001ef2    program     extern C:\MCC18\src\pmc_common\ADC\adcsetch.c
                SetDCPWM1   0x001d26    program     extern C:\MCC18\src\pmc_common\PWM\pw1setdc.c
                SetDCPWM2   0x001cc8    program     extern C:\MCC18\src\pmc_common\PWM\pw2setdc.c
              StatusReset   0x002052    program     extern C:\MCC18\src\pmc_common\reset\statrst.c
               TSIGN1616A   0x001dd0    program     static C:\MCC18\src\traditional\math\fxm1616s.asm
                  WDTtask   0x0010cc    program     extern C:\Users\Brad\Documents\GitHub\hermesbot\sumovore.c
                   _2jEnd   0x001cb2    program     static C:\MCC18\src\traditional\stdclib\slenpgm.asm
       _D10KTCYXCODE_0010   0x001ed4    program     static C:\MCC18\src\traditional\delays\d10ktcyx.asm
       _D10KTCYXCODE_001C   0x001ee0    program     static C:\MCC18\src\traditional\delays\d10ktcyx.asm
        _D1KTCYXCODE_0010   0x001f80    program     static C:\MCC18\src\traditional\delays\d1ktcyx.asm
        _D1KTCYXCODE_0016   0x001f86    program     static C:\MCC18\src\traditional\delays\d1ktcyx.asm
         ___else_lbl00002   0x001a72    program     static                          
         ___else_lbl00004   0x001a80    program     static                          
         ___else_lbl00035   0x001058    program     static                          
         ___else_lbl00047   0x0011c0    program     static                          
           ___if_lbl00001   0x001a76    program     static                          
           ___if_lbl00003   0x001c44    program     static                          
           ___if_lbl00003   0x001a82    program     static                          
           ___if_lbl00033   0x00107a    program     static                          
           ___if_lbl00034   0x00107a    program     static                          
           ___if_lbl00045   0x0011e0    program     static                          
           ___if_lbl00046   0x0011e0    program     static                          
       ___return_lbl00000   0x001c46    program     static                          
       ___return_lbl00000   0x00000c    program     static                          
       ___return_lbl00000   0x001a94    program     static                          
       ___return_lbl00000   0x001e24    program     static                          
       ___return_lbl00000   0x000004    program     static                          
       ___return_lbl00000   0x001b1a    program     static                          
       ___return_lbl00001   0x001fca    program     static                          
       ___return_lbl00002   0x00188e    program     static                          
       ___return_lbl00030   0x001090    program     static                          
       ___return_lbl00042   0x0011f4    program     static                          
        ___while_lbl00001   0x001c2a    program     static                          
        ___while_lbl00002   0x001c46    program     static                          
        ___while_lbl00031   0x000ff6    program     static                          
        ___while_lbl00032   0x001090    program     static                          
        ___while_lbl00043   0x001190    program     static                          
        ___while_lbl00044   0x0011f4    program     static                          
               __config_0   0x300001    program     static C:\Users\Brad\Documents\GitHub\hermesbot\sumovore.c
               __config_1   0x300002    program     static C:\Users\Brad\Documents\GitHub\hermesbot\sumovore.c
               __config_2   0x300003    program     static C:\Users\Brad\Documents\GitHub\hermesbot\sumovore.c
               __config_3   0x300005    program     static C:\Users\Brad\Documents\GitHub\hermesbot\sumovore.c
               __config_4   0x300006    program     static C:\Users\Brad\Documents\GitHub\hermesbot\sumovore.c
                   __init   0x00205c    program     extern C:\MCC18\src\traditional\stdclib\__init.c
                   __pa_0   0x000974    program     static C:\MCC18\src\traditional\stdclib\vfprintf.c
                   __pa_1   0x00097c    program     static C:\MCC18\src\traditional\stdclib\vfprintf.c
                  __pa_10   0x000a30    program     static C:\MCC18\src\traditional\stdclib\vfprintf.c
                  __pa_11   0x000a3e    program     static C:\MCC18\src\traditional\stdclib\vfprintf.c
                  __pa_12   0x000a54    program     static C:\MCC18\src\traditional\stdclib\vfprintf.c
                  __pa_13   0x000a6e    program     static C:\MCC18\src\traditional\stdclib\vfprintf.c
                  __pa_14   0x000a86    program     static C:\MCC18\src\traditional\stdclib\vfprintf.c
                  __pa_15   0x000a96    program     static C:\MCC18\src\traditional\stdclib\vfprintf.c
                  __pa_16   0x000aac    program     static C:\MCC18\src\traditional\stdclib\vfprintf.c
                  __pa_17   0x000abe    program     static C:\MCC18\src\traditional\stdclib\vfprintf.c
                  __pa_18   0x000ad0    program     static C:\MCC18\src\traditional\stdclib\vfprintf.c
                  __pa_19   0x000ada    program     static C:\MCC18\src\traditional\stdclib\vfprintf.c
                   __pa_2   0x000986    program     static C:\MCC18\src\traditional\stdclib\vfprintf.c
                  __pa_20   0x000aea    program     static C:\MCC18\src\traditional\stdclib\vfprintf.c
                  __pa_21   0x000afa    program     static C:\MCC18\src\traditional\stdclib\vfprintf.c
                  __pa_22   0x000b0a    program     static C:\MCC18\src\traditional\stdclib\vfprintf.c
                  __pa_23   0x000b16    program     static C:\MCC18\src\traditional\stdclib\vfprintf.c
                  __pa_24   0x000b24    program     static C:\MCC18\src\traditional\stdclib\vfprintf.c
                  __pa_25   0x000b2c    program     static C:\MCC18\src\traditional\stdclib\vfprintf.c
                  __pa_26   0x000b36    program     static C:\MCC18\src\traditional\stdclib\vfprintf.c
                  __pa_27   0x000b40    program     static C:\MCC18\src\traditional\stdclib\vfprintf.c
                  __pa_28   0x000b48    program     static C:\MCC18\src\traditional\stdclib\vfprintf.c
                  __pa_29   0x000b56    program     static C:\MCC18\src\traditional\stdclib\vfprintf.c
                   __pa_3   0x000990    program     static C:\MCC18\src\traditional\stdclib\vfprintf.c
                  __pa_30   0x000b72    program     static C:\MCC18\src\traditional\stdclib\vfprintf.c
                  __pa_31   0x000b8c    program     static C:\MCC18\src\traditional\stdclib\vfprintf.c
                  __pa_32   0x000ba6    program     static C:\MCC18\src\traditional\stdclib\vfprintf.c
                  __pa_33   0x000bbe    program     static C:\MCC18\src\traditional\stdclib\vfprintf.c
                  __pa_34   0x000bc8    program     static C:\MCC18\src\traditional\stdclib\vfprintf.c
                  __pa_35   0x000bd6    program     static C:\MCC18\src\traditional\stdclib\vfprintf.c
                  __pa_36   0x000bde    program     static C:\MCC18\src\traditional\stdclib\vfprintf.c
                  __pa_37   0x000be8    program     static C:\MCC18\src\traditional\stdclib\vfprintf.c
                  __pa_38   0x000bf8    program     static C:\MCC18\src\traditional\stdclib\vfprintf.c
                  __pa_39   0x000c06    program     static C:\MCC18\src\traditional\stdclib\vfprintf.c
                   __pa_4   0x0009a8    program     static C:\MCC18\src\traditional\stdclib\vfprintf.c
                  __pa_40   0x000c12    program     static C:\MCC18\src\traditional\stdclib\vfprintf.c
                  __pa_41   0x000c1e    program     static C:\MCC18\src\traditional\stdclib\vfprintf.c
                  __pa_42   0x000c26    program     static C:\MCC18\src\traditional\stdclib\vfprintf.c
                  __pa_43   0x000c30    program     static C:\MCC18\src\traditional\stdclib\vfprintf.c
                  __pa_44   0x000c36    program     static C:\MCC18\src\traditional\stdclib\vfprintf.c
                  __pa_45   0x000c40    program     static C:\MCC18\src\traditional\stdclib\vfprintf.c
                  __pa_46   0x000c4c    program     static C:\MCC18\src\traditional\stdclib\vfprintf.c
                   __pa_5   0x0009bc    program     static C:\MCC18\src\traditional\stdclib\vfprintf.c
                   __pa_6   0x0009d8    program     static C:\MCC18\src\traditional\stdclib\vfprintf.c
                   __pa_7   0x0009e2    program     static C:\MCC18\src\traditional\stdclib\vfprintf.c
                   __pa_8   0x0009ee    program     static C:\MCC18\src\traditional\stdclib\vfprintf.c
                   __pa_9   0x000a10    program     static C:\MCC18\src\traditional\stdclib\vfprintf.c
               __string_0   0x001b85    program     static C:\Users\Brad\Documents\GitHub\hermesbot\sumovore.c
               __string_0   0x001b1c    program     static C:\Users\Brad\Documents\GitHub\hermesbot\main.c
               __string_1   0x001b7f    program     static C:\Users\Brad\Documents\GitHub\hermesbot\sumovore.c
               __string_2   0x001b76    program     static C:\Users\Brad\Documents\GitHub\hermesbot\sumovore.c
               __string_3   0x001b6d    program     static C:\Users\Brad\Documents\GitHub\hermesbot\sumovore.c
               __string_4   0x001b63    program     static C:\Users\Brad\Documents\GitHub\hermesbot\sumovore.c
               __string_5   0x001b5c    program     static C:\Users\Brad\Documents\GitHub\hermesbot\sumovore.c
              __tmplbl_10   0x00100e    program     static                          
              __tmplbl_11   0x00102e    program     static                          
              __tmplbl_12   0x001074    program     static                          
              __tmplbl_13   0x0011ac    program     static                          
              __tmplbl_14   0x0011da    program     static                          
              __tmplbl_42   0x000b0a    program     static                          
              __tmplbl_43   0x000952    program     static                          
              __tmplbl_44   0x000938    program     static                          
              __tmplbl_85   0x00008a    program     static                          
            __zero_memory   0x001f90    program     extern C:\MCC18\src\traditional\proc\p18F4525.asm
                _do_cinit   0x0017f2    program     extern C:\MCC18\src\traditional\startup\c018i.c
                   _entry   0x000000    program     extern C:\MCC18\src\traditional\startup\c018i.c
                   _false   0x001e20    program     static                          
                 _startup   0x001fb0    program     extern C:\MCC18\src\traditional\startup\c018i.c
              _usart_putc   0x001fcc    program     extern C:\MCC18\src\pmc_common\USART\_usartpc.asm
               _user_putc   0x000006    program     extern C:\MCC18\src\traditional\stdclib\_user_putc.c
                      adc   0x000e6a    program     extern C:\Users\Brad\Documents\GitHub\hermesbot\sumovore.c
            check_sensors   0x000e96    program     extern C:\Users\Brad\Documents\GitHub\hermesbot\sumovore.c
                compare_l   0x001fa6    program     static C:\MCC18\src\traditional\proc\p18F4525.asm
                copy_loop   0x001864    program     static                          
            copy_one_byte   0x00186a    program     static                          
                delay_1CS   0x00179a    program     extern C:\Users\Brad\Documents\GitHub\hermesbot\my_delay_functions.c
                delay_1DS   0x00176e    program     extern C:\Users\Brad\Documents\GitHub\hermesbot\my_delay_functions.c
                delay_1MS   0x0017c6    program     extern C:\Users\Brad\Documents\GitHub\hermesbot\my_delay_functions.c
                 delay_1S   0x001724    program     extern C:\Users\Brad\Documents\GitHub\hermesbot\my_delay_functions.c
                     done   0x00188e    program     static                          
             done_copying   0x001878    program     static                          
                    gtrap   0x001178    program     extern C:\Users\Brad\Documents\GitHub\hermesbot\sumovore.c
                 high_isr   0x001f20    program     extern C:\Users\Brad\Documents\GitHub\hermesbot\interrupts.c
           initialization   0x000c56    program     extern C:\Users\Brad\Documents\GitHub\hermesbot\sumovore.c
 interrupt_at_high_vector   0x000008    program     extern C:\Users\Brad\Documents\GitHub\hermesbot\interrupts.c
                    isBOR   0x00203c    program     extern C:\MCC18\src\pmc_common\reset\isbor.c
                    isPOR   0x002000    program     extern C:\MCC18\src\pmc_common\reset\ispor.c
                  isWDTTO   0x001fe8    program     extern C:\MCC18\src\pmc_common\reset\iswdtto.c
                  isdigit   0x001f4c    program     extern C:\MCC18\src\traditional\stdclib\isdigit.asm
                     jEnd   0x001cb4    program     static C:\MCC18\src\traditional\stdclib\slenpgm.asm
                     jEnd   0x001c7c    program     static C:\MCC18\src\traditional\stdclib\strlen.asm
                    jLoop   0x001c9c    program     static C:\MCC18\src\traditional\stdclib\slenpgm.asm
                    jLoop   0x001c72    program     static C:\MCC18\src\traditional\stdclib\strlen.asm
                   jMatch   0x001f6c    program     static C:\MCC18\src\traditional\stdclib\isdigit.asm
                 jNoMatch   0x001f6e    program     static C:\MCC18\src\traditional\stdclib\isdigit.asm
                     loop   0x001fdc    program     static C:\MCC18\src\pmc_common\USART\_usartpc.asm
                     loop   0x001dec    program     static                          
                     loop   0x001fc0    program     static                          
                   loop_h   0x001f9e    program     static C:\MCC18\src\traditional\proc\p18F4525.asm
                   loop_l   0x001fa8    program     static C:\MCC18\src\traditional\proc\p18F4525.asm
             lvd_flag_set   0x001f46    program     extern C:\Users\Brad\Documents\GitHub\hermesbot\interrupts.c
                     main   0x001bfa    program     extern C:\Users\Brad\Documents\GitHub\hermesbot\main.c
            motor_control   0x0015ee    program     extern C:\Users\Brad\Documents\GitHub\hermesbot\motor_control.c
         motors_brake_all   0x000e40    program     extern C:\Users\Brad\Documents\GitHub\hermesbot\sumovore.c
                  openLVD   0x00113a    program     extern C:\Users\Brad\Documents\GitHub\hermesbot\sumovore.c
                openPORTA   0x000d28    program     extern C:\Users\Brad\Documents\GitHub\hermesbot\sumovore.c
                openPORTB   0x000d2e    program     extern C:\Users\Brad\Documents\GitHub\hermesbot\sumovore.c
          openPORTCforPWM   0x000d1a    program     extern C:\Users\Brad\Documents\GitHub\hermesbot\sumovore.c
        openPORTCforUSART   0x000d14    program     extern C:\Users\Brad\Documents\GitHub\hermesbot\sumovore.c
                openPORTD   0x000d34    program     extern C:\Users\Brad\Documents\GitHub\hermesbot\sumovore.c
                openPORTE   0x000d3a    program     extern C:\Users\Brad\Documents\GitHub\hermesbot\sumovore.c
                   printf   0x001890    program     extern C:\MCC18\src\traditional\stdclib\printf.c
                     putc   0x0019b2    program     extern C:\MCC18\src\traditional\stdclib\putc.c
               robot_test   0x001c48    program     extern C:\Users\Brad\Documents\GitHub\hermesbot\main.c
          robot_test_left   0x001208    program     extern C:\Users\Brad\Documents\GitHub\hermesbot\robot_test.c
         robot_test_right   0x00130e    program     extern C:\Users\Brad\Documents\GitHub\hermesbot\robot_test.c
                 s_digits   0x00202a    program     static C:\MCC18\src\traditional\stdclib\vfprintf.c
            s_put_n_chars   0x000034    program     static C:\MCC18\src\traditional\stdclib\vfprintf.c
                 set_leds   0x000f6a    program     extern C:\Users\Brad\Documents\GitHub\hermesbot\sumovore.c
          set_motor_speed   0x000d3e    program     extern C:\Users\Brad\Documents\GitHub\hermesbot\sumovore.c
            set_osc_16MHz   0x001470    program     extern C:\Users\Brad\Documents\GitHub\hermesbot\osc.c
             set_osc_1MHz   0x0015a2    program     extern C:\Users\Brad\Documents\GitHub\hermesbot\osc.c
             set_osc_2MHz   0x001556    program     extern C:\Users\Brad\Documents\GitHub\hermesbot\osc.c
            set_osc_32MHz   0x001422    program     extern C:\Users\Brad\Documents\GitHub\hermesbot\osc.c
             set_osc_4MHz   0x00150a    program     extern C:\Users\Brad\Documents\GitHub\hermesbot\osc.c
             set_osc_8MHz   0x0014be    program     extern C:\Users\Brad\Documents\GitHub\hermesbot\osc.c
                spin_left   0x001624    program     extern C:\Users\Brad\Documents\GitHub\hermesbot\motor_control.c
               spin_right   0x0016be    program     extern C:\Users\Brad\Documents\GitHub\hermesbot\motor_control.c
             straight_fwd   0x00168a    program     extern C:\Users\Brad\Documents\GitHub\hermesbot\motor_control.c
                   strlen   0x001c62    program     extern C:\MCC18\src\traditional\stdclib\strlen.asm
                strlenpgm   0x001c7e    program     extern C:\MCC18\src\traditional\stdclib\slenpgm.asm
                     test   0x00180c    program     static                          
                turn_left   0x001656    program     extern C:\Users\Brad\Documents\GitHub\hermesbot\motor_control.c
               turn_right   0x0016f0    program     extern C:\Users\Brad\Documents\GitHub\hermesbot\motor_control.c
                 vfprintf   0x000060    program     extern C:\MCC18\src\traditional\stdclib\vfprintf.c
               zero_block   0x001f9e    program     static C:\MCC18\src\traditional\proc\p18F4525.asm
                   ADCON0   0x000fc2       data     extern C:\MCC18\src\traditional\proc\p18F4525.asm
               ADCON0bits   0x000fc2       data     extern C:\MCC18\src\traditional\proc\p18F4525.asm
                   ADCON1   0x000fc1       data     extern C:\MCC18\src\traditional\proc\p18F4525.asm
               ADCON1bits   0x000fc1       data     extern C:\MCC18\src\traditional\proc\p18F4525.asm
                   ADCON2   0x000fc0       data     extern C:\MCC18\src\traditional\proc\p18F4525.asm
               ADCON2bits   0x000fc0       data     extern C:\MCC18\src\traditional\proc\p18F4525.asm
                    ADRES   0x000fc3       data     extern C:\MCC18\src\traditional\proc\p18F4525.asm
                   ADRESH   0x000fc4       data     extern C:\MCC18\src\traditional\proc\p18F4525.asm
                   ADRESL   0x000fc3       data     extern C:\MCC18\src\traditional\proc\p18F4525.asm
                  BAUDCON   0x000fb8       data     extern C:\MCC18\src\traditional\proc\p18F4525.asm
              BAUDCONbits   0x000fb8       data     extern C:\MCC18\src\traditional\proc\p18F4525.asm
                  BAUDCTL   0x000fb8       data     extern C:\MCC18\src\traditional\proc\p18F4525.asm
              BAUDCTLbits   0x000fb8       data     extern C:\MCC18\src\traditional\proc\p18F4525.asm
                      BSR   0x000fe0       data     extern C:\MCC18\src\traditional\proc\p18F4525.asm
                  CCP1CON   0x000fbd       data     extern C:\MCC18\src\traditional\proc\p18F4525.asm
              CCP1CONbits   0x000fbd       data     extern C:\MCC18\src\traditional\proc\p18F4525.asm
                  CCP2CON   0x000fba       data     extern C:\MCC18\src\traditional\proc\p18F4525.asm
              CCP2CONbits   0x000fba       data     extern C:\MCC18\src\traditional\proc\p18F4525.asm
                    CCPR1   0x000fbe       data     extern C:\MCC18\src\traditional\proc\p18F4525.asm
                   CCPR1H   0x000fbf       data     extern C:\MCC18\src\traditional\proc\p18F4525.asm
                   CCPR1L   0x000fbe       data     extern C:\MCC18\src\traditional\proc\p18F4525.asm
                    CCPR2   0x000fbb       data     extern C:\MCC18\src\traditional\proc\p18F4525.asm
                   CCPR2H   0x000fbc       data     extern C:\MCC18\src\traditional\proc\p18F4525.asm
                   CCPR2L   0x000fbb       data     extern C:\MCC18\src\traditional\proc\p18F4525.asm
                    CMCON   0x000fb4       data     extern C:\MCC18\src\traditional\proc\p18F4525.asm
                CMCONbits   0x000fb4       data     extern C:\MCC18\src\traditional\proc\p18F4525.asm
                   CVRCON   0x000fb5       data     extern C:\MCC18\src\traditional\proc\p18F4525.asm
               CVRCONbits   0x000fb5       data     extern C:\MCC18\src\traditional\proc\p18F4525.asm
                     DDRA   0x000f92       data     extern C:\MCC18\src\traditional\proc\p18F4525.asm
                 DDRAbits   0x000f92       data     extern C:\MCC18\src\traditional\proc\p18F4525.asm
                     DDRB   0x000f93       data     extern C:\MCC18\src\traditional\proc\p18F4525.asm
                 DDRBbits   0x000f93       data     extern C:\MCC18\src\traditional\proc\p18F4525.asm
                     DDRC   0x000f94       data     extern C:\MCC18\src\traditional\proc\p18F4525.asm
                 DDRCbits   0x000f94       data     extern C:\MCC18\src\traditional\proc\p18F4525.asm
                     DDRD   0x000f95       data     extern C:\MCC18\src\traditional\proc\p18F4525.asm
                 DDRDbits   0x000f95       data     extern C:\MCC18\src\traditional\proc\p18F4525.asm
                     DDRE   0x000f96       data     extern C:\MCC18\src\traditional\proc\p18F4525.asm
                 DDREbits   0x000f96       data     extern C:\MCC18\src\traditional\proc\p18F4525.asm
                    DEBUG   0x000fd4       data     extern C:\MCC18\src\traditional\proc\p18F4525.asm
            DelayCounter1   0x00001c       data     extern C:\MCC18\src\traditional\delays\delayd1.asm
            DelayCounter2   0x00001b       data     extern C:\MCC18\src\traditional\delays\delayd2.asm
                  ECCP1AS   0x000fb6       data     extern C:\MCC18\src\traditional\proc\p18F4525.asm
              ECCP1ASbits   0x000fb6       data     extern C:\MCC18\src\traditional\proc\p18F4525.asm
                   ECCPAS   0x000fb6       data     extern C:\MCC18\src\traditional\proc\p18F4525.asm
               ECCPASbits   0x000fb6       data     extern C:\MCC18\src\traditional\proc\p18F4525.asm
                    EEADR   0x000fa9       data     extern C:\MCC18\src\traditional\proc\p18F4525.asm
                   EEADRH   0x000faa       data     extern C:\MCC18\src\traditional\proc\p18F4525.asm
                   EECON1   0x000fa6       data     extern C:\MCC18\src\traditional\proc\p18F4525.asm
               EECON1bits   0x000fa6       data     extern C:\MCC18\src\traditional\proc\p18F4525.asm
                   EECON2   0x000fa7       data     extern C:\MCC18\src\traditional\proc\p18F4525.asm
                   EEDATA   0x000fa8       data     extern C:\MCC18\src\traditional\proc\p18F4525.asm
                     FSR0   0x000fe9       data     extern C:\MCC18\src\traditional\proc\p18F4525.asm
                    FSR0H   0x000fea       data     extern C:\MCC18\src\traditional\proc\p18F4525.asm
                    FSR0L   0x000fe9       data     extern C:\MCC18\src\traditional\proc\p18F4525.asm
                     FSR1   0x000fe1       data     extern C:\MCC18\src\traditional\proc\p18F4525.asm
                    FSR1H   0x000fe2       data     extern C:\MCC18\src\traditional\proc\p18F4525.asm
                    FSR1L   0x000fe1       data     extern C:\MCC18\src\traditional\proc\p18F4525.asm
                     FSR2   0x000fd9       data     extern C:\MCC18\src\traditional\proc\p18F4525.asm
                    FSR2H   0x000fda       data     extern C:\MCC18\src\traditional\proc\p18F4525.asm
                    FSR2L   0x000fd9       data     extern C:\MCC18\src\traditional\proc\p18F4525.asm
                  HLVDCON   0x000fd2       data     extern C:\MCC18\src\traditional\proc\p18F4525.asm
              HLVDCONbits   0x000fd2       data     extern C:\MCC18\src\traditional\proc\p18F4525.asm
                    INDF0   0x000fef       data     extern C:\MCC18\src\traditional\proc\p18F4525.asm
                    INDF1   0x000fe7       data     extern C:\MCC18\src\traditional\proc\p18F4525.asm
                    INDF2   0x000fdf       data     extern C:\MCC18\src\traditional\proc\p18F4525.asm
                   INTCON   0x000ff2       data     extern C:\MCC18\src\traditional\proc\p18F4525.asm
                  INTCON2   0x000ff1       data     extern C:\MCC18\src\traditional\proc\p18F4525.asm
              INTCON2bits   0x000ff1       data     extern C:\MCC18\src\traditional\proc\p18F4525.asm
                  INTCON3   0x000ff0       data     extern C:\MCC18\src\traditional\proc\p18F4525.asm
              INTCON3bits   0x000ff0       data     extern C:\MCC18\src\traditional\proc\p18F4525.asm
               INTCONbits   0x000ff2       data     extern C:\MCC18\src\traditional\proc\p18F4525.asm
                     IPR1   0x000f9f       data     extern C:\MCC18\src\traditional\proc\p18F4525.asm
                 IPR1bits   0x000f9f       data     extern C:\MCC18\src\traditional\proc\p18F4525.asm
                     IPR2   0x000fa2       data     extern C:\MCC18\src\traditional\proc\p18F4525.asm
                 IPR2bits   0x000fa2       data     extern C:\MCC18\src\traditional\proc\p18F4525.asm
                     LATA   0x000f89       data     extern C:\MCC18\src\traditional\proc\p18F4525.asm
                 LATAbits   0x000f89       data     extern C:\MCC18\src\traditional\proc\p18F4525.asm
                     LATB   0x000f8a       data     extern C:\MCC18\src\traditional\proc\p18F4525.asm
                 LATBbits   0x000f8a       data     extern C:\MCC18\src\traditional\proc\p18F4525.asm
                     LATC   0x000f8b       data     extern C:\MCC18\src\traditional\proc\p18F4525.asm
                 LATCbits   0x000f8b       data     extern C:\MCC18\src\traditional\proc\p18F4525.asm
                     LATD   0x000f8c       data     extern C:\MCC18\src\traditional\proc\p18F4525.asm
                 LATDbits   0x000f8c       data     extern C:\MCC18\src\traditional\proc\p18F4525.asm
                     LATE   0x000f8d       data     extern C:\MCC18\src\traditional\proc\p18F4525.asm
                 LATEbits   0x000f8d       data     extern C:\MCC18\src\traditional\proc\p18F4525.asm
                   LVDCON   0x000fd2       data     extern C:\MCC18\src\traditional\proc\p18F4525.asm
               LVDCONbits   0x000fd2       data     extern C:\MCC18\src\traditional\proc\p18F4525.asm
                   OSCCON   0x000fd3       data     extern C:\MCC18\src\traditional\proc\p18F4525.asm
               OSCCONbits   0x000fd3       data     extern C:\MCC18\src\traditional\proc\p18F4525.asm
                  OSCTUNE   0x000f9b       data     extern C:\MCC18\src\traditional\proc\p18F4525.asm
              OSCTUNEbits   0x000f9b       data     extern C:\MCC18\src\traditional\proc\p18F4525.asm
                       PC   0x000ff9       data     extern C:\MCC18\src\traditional\proc\p18F4525.asm
                      PCL   0x000ff9       data     extern C:\MCC18\src\traditional\proc\p18F4525.asm
                   PCLATH   0x000ffa       data     extern C:\MCC18\src\traditional\proc\p18F4525.asm
                   PCLATU   0x000ffb       data     extern C:\MCC18\src\traditional\proc\p18F4525.asm
                     PIE1   0x000f9d       data     extern C:\MCC18\src\traditional\proc\p18F4525.asm
                 PIE1bits   0x000f9d       data     extern C:\MCC18\src\traditional\proc\p18F4525.asm
                     PIE2   0x000fa0       data     extern C:\MCC18\src\traditional\proc\p18F4525.asm
                 PIE2bits   0x000fa0       data     extern C:\MCC18\src\traditional\proc\p18F4525.asm
                     PIR1   0x000f9e       data     extern C:\MCC18\src\traditional\proc\p18F4525.asm
                 PIR1bits   0x000f9e       data     extern C:\MCC18\src\traditional\proc\p18F4525.asm
                     PIR2   0x000fa1       data     extern C:\MCC18\src\traditional\proc\p18F4525.asm
                 PIR2bits   0x000fa1       data     extern C:\MCC18\src\traditional\proc\p18F4525.asm
                   PLUSW0   0x000feb       data     extern C:\MCC18\src\traditional\proc\p18F4525.asm
                   PLUSW1   0x000fe3       data     extern C:\MCC18\src\traditional\proc\p18F4525.asm
                   PLUSW2   0x000fdb       data     extern C:\MCC18\src\traditional\proc\p18F4525.asm
                    PORTA   0x000f80       data     extern C:\MCC18\src\traditional\proc\p18F4525.asm
                PORTAbits   0x000f80       data     extern C:\MCC18\src\traditional\proc\p18F4525.asm
                    PORTB   0x000f81       data     extern C:\MCC18\src\traditional\proc\p18F4525.asm
                PORTBbits   0x000f81       data     extern C:\MCC18\src\traditional\proc\p18F4525.asm
                    PORTC   0x000f82       data     extern C:\MCC18\src\traditional\proc\p18F4525.asm
                PORTCbits   0x000f82       data     extern C:\MCC18\src\traditional\proc\p18F4525.asm
                    PORTD   0x000f83       data     extern C:\MCC18\src\traditional\proc\p18F4525.asm
                PORTDbits   0x000f83       data     extern C:\MCC18\src\traditional\proc\p18F4525.asm
                    PORTE   0x000f84       data     extern C:\MCC18\src\traditional\proc\p18F4525.asm
                PORTEbits   0x000f84       data     extern C:\MCC18\src\traditional\proc\p18F4525.asm
                 POSTDEC0   0x000fed       data     extern C:\MCC18\src\traditional\proc\p18F4525.asm
                 POSTDEC1   0x000fe5       data     extern C:\MCC18\src\traditional\proc\p18F4525.asm
                 POSTDEC2   0x000fdd       data     extern C:\MCC18\src\traditional\proc\p18F4525.asm
                 POSTINC0   0x000fee       data     extern C:\MCC18\src\traditional\proc\p18F4525.asm
                 POSTINC1   0x000fe6       data     extern C:\MCC18\src\traditional\proc\p18F4525.asm
                 POSTINC2   0x000fde       data     extern C:\MCC18\src\traditional\proc\p18F4525.asm
                      PR2   0x000fcb       data     extern C:\MCC18\src\traditional\proc\p18F4525.asm
                  PREINC0   0x000fec       data     extern C:\MCC18\src\traditional\proc\p18F4525.asm
                  PREINC1   0x000fe4       data     extern C:\MCC18\src\traditional\proc\p18F4525.asm
                  PREINC2   0x000fdc       data     extern C:\MCC18\src\traditional\proc\p18F4525.asm
                     PROD   0x000ff3       data     extern C:\MCC18\src\traditional\proc\p18F4525.asm
                    PRODH   0x000ff4       data     extern C:\MCC18\src\traditional\proc\p18F4525.asm
                    PRODL   0x000ff3       data     extern C:\MCC18\src\traditional\proc\p18F4525.asm
                  PWM1CON   0x000fb7       data     extern C:\MCC18\src\traditional\proc\p18F4525.asm
              PWM1CONbits   0x000fb7       data     extern C:\MCC18\src\traditional\proc\p18F4525.asm
                     RCON   0x000fd0       data     extern C:\MCC18\src\traditional\proc\p18F4525.asm
                 RCONbits   0x000fd0       data     extern C:\MCC18\src\traditional\proc\p18F4525.asm
                    RCREG   0x000fae       data     extern C:\MCC18\src\traditional\proc\p18F4525.asm
                    RCSTA   0x000fab       data     extern C:\MCC18\src\traditional\proc\p18F4525.asm
                RCSTAbits   0x000fab       data     extern C:\MCC18\src\traditional\proc\p18F4525.asm
                     SIGN   0x000000       data     extern C:\MCC18\src\traditional\math\cmath18.asm
                    SPBRG   0x000faf       data     extern C:\MCC18\src\traditional\proc\p18F4525.asm
                   SPBRGH   0x000fb0       data     extern C:\MCC18\src\traditional\proc\p18F4525.asm
                   SSPADD   0x000fc8       data     extern C:\MCC18\src\traditional\proc\p18F4525.asm
                   SSPBUF   0x000fc9       data     extern C:\MCC18\src\traditional\proc\p18F4525.asm
                  SSPCON1   0x000fc6       data     extern C:\MCC18\src\traditional\proc\p18F4525.asm
              SSPCON1bits   0x000fc6       data     extern C:\MCC18\src\traditional\proc\p18F4525.asm
                  SSPCON2   0x000fc5       data     extern C:\MCC18\src\traditional\proc\p18F4525.asm
              SSPCON2bits   0x000fc5       data     extern C:\MCC18\src\traditional\proc\p18F4525.asm
                  SSPSTAT   0x000fc7       data     extern C:\MCC18\src\traditional\proc\p18F4525.asm
              SSPSTATbits   0x000fc7       data     extern C:\MCC18\src\traditional\proc\p18F4525.asm
                   STATUS   0x000fd8       data     extern C:\MCC18\src\traditional\proc\p18F4525.asm
               STATUSbits   0x000fd8       data     extern C:\MCC18\src\traditional\proc\p18F4525.asm
                   STKPTR   0x000ffc       data     extern C:\MCC18\src\traditional\proc\p18F4525.asm
               STKPTRbits   0x000ffc       data     extern C:\MCC18\src\traditional\proc\p18F4525.asm
                  SeeLine   0x000080       data     extern C:\Users\Brad\Documents\GitHub\hermesbot\sumovore.c
                    T0CON   0x000fd5       data     extern C:\MCC18\src\traditional\proc\p18F4525.asm
                T0CONbits   0x000fd5       data     extern C:\MCC18\src\traditional\proc\p18F4525.asm
                    T1CON   0x000fcd       data     extern C:\MCC18\src\traditional\proc\p18F4525.asm
                T1CONbits   0x000fcd       data     extern C:\MCC18\src\traditional\proc\p18F4525.asm
                    T2CON   0x000fca       data     extern C:\MCC18\src\traditional\proc\p18F4525.asm
                T2CONbits   0x000fca       data     extern C:\MCC18\src\traditional\proc\p18F4525.asm
                    T3CON   0x000fb1       data     extern C:\MCC18\src\traditional\proc\p18F4525.asm
                T3CONbits   0x000fb1       data     extern C:\MCC18\src\traditional\proc\p18F4525.asm
                   TABLAT   0x000ff5       data     extern C:\MCC18\src\traditional\proc\p18F4525.asm
                   TBLPTR   0x000ff6       data     extern C:\MCC18\src\traditional\proc\p18F4525.asm
                  TBLPTRH   0x000ff7       data     extern C:\MCC18\src\traditional\proc\p18F4525.asm
                  TBLPTRL   0x000ff6       data     extern C:\MCC18\src\traditional\proc\p18F4525.asm
                  TBLPTRU   0x000ff8       data     extern C:\MCC18\src\traditional\proc\p18F4525.asm
                    TMR0H   0x000fd7       data     extern C:\MCC18\src\traditional\proc\p18F4525.asm
                    TMR0L   0x000fd6       data     extern C:\MCC18\src\traditional\proc\p18F4525.asm
                    TMR1H   0x000fcf       data     extern C:\MCC18\src\traditional\proc\p18F4525.asm
                    TMR1L   0x000fce       data     extern C:\MCC18\src\traditional\proc\p18F4525.asm
                     TMR2   0x000fcc       data     extern C:\MCC18\src\traditional\proc\p18F4525.asm
                    TMR3H   0x000fb3       data     extern C:\MCC18\src\traditional\proc\p18F4525.asm
                    TMR3L   0x000fb2       data     extern C:\MCC18\src\traditional\proc\p18F4525.asm
                      TOS   0x000ffd       data     extern C:\MCC18\src\traditional\proc\p18F4525.asm
                     TOSH   0x000ffe       data     extern C:\MCC18\src\traditional\proc\p18F4525.asm
                     TOSL   0x000ffd       data     extern C:\MCC18\src\traditional\proc\p18F4525.asm
                     TOSU   0x000fff       data     extern C:\MCC18\src\traditional\proc\p18F4525.asm
                    TRISA   0x000f92       data     extern C:\MCC18\src\traditional\proc\p18F4525.asm
                TRISAbits   0x000f92       data     extern C:\MCC18\src\traditional\proc\p18F4525.asm
                    TRISB   0x000f93       data     extern C:\MCC18\src\traditional\proc\p18F4525.asm
                TRISBbits   0x000f93       data     extern C:\MCC18\src\traditional\proc\p18F4525.asm
                    TRISC   0x000f94       data     extern C:\MCC18\src\traditional\proc\p18F4525.asm
                TRISCbits   0x000f94       data     extern C:\MCC18\src\traditional\proc\p18F4525.asm
                    TRISD   0x000f95       data     extern C:\MCC18\src\traditional\proc\p18F4525.asm
                TRISDbits   0x000f95       data     extern C:\MCC18\src\traditional\proc\p18F4525.asm
                    TRISE   0x000f96       data     extern C:\MCC18\src\traditional\proc\p18F4525.asm
                TRISEbits   0x000f96       data     extern C:\MCC18\src\traditional\proc\p18F4525.asm
                    TXREG   0x000fad       data     extern C:\MCC18\src\traditional\proc\p18F4525.asm
                    TXSTA   0x000fac       data     extern C:\MCC18\src\traditional\proc\p18F4525.asm
                TXSTAbits   0x000fac       data     extern C:\MCC18\src\traditional\proc\p18F4525.asm
                        W   0x000fe8       data     extern C:\MCC18\src\traditional\proc\p18F4525.asm
                   WDTCON   0x000fd1       data     extern C:\MCC18\src\traditional\proc\p18F4525.asm
               WDTCONbits   0x000fd1       data     extern C:\MCC18\src\traditional\proc\p18F4525.asm
                     WREG   0x000fe8       data     extern C:\MCC18\src\traditional\proc\p18F4525.asm
                 __AARGB0   0x000009       data     extern C:\MCC18\src\traditional\math\aarg.asm
                 __AARGB1   0x000008       data     extern C:\MCC18\src\traditional\math\aarg.asm
                 __AARGB2   0x000007       data     extern C:\MCC18\src\traditional\math\aarg.asm
                 __AARGB3   0x000006       data     extern C:\MCC18\src\traditional\math\aarg.asm
                 __AARGB4   0x000005       data     extern C:\MCC18\src\traditional\math\aarg.asm
                 __AARGB5   0x000004       data     extern C:\MCC18\src\traditional\math\aarg.asm
                 __AARGB6   0x000003       data     extern C:\MCC18\src\traditional\math\aarg.asm
                 __AARGB7   0x000002       data     extern C:\MCC18\src\traditional\math\aarg.asm
                   __AEXP   0x00000a       data     extern C:\MCC18\src\traditional\math\aarg.asm
                 __BARGB0   0x00000e       data     extern C:\MCC18\src\traditional\math\barg.asm
                 __BARGB1   0x00000d       data     extern C:\MCC18\src\traditional\math\barg.asm
                 __BARGB2   0x00000c       data     extern C:\MCC18\src\traditional\math\barg.asm
                 __BARGB3   0x00000b       data     extern C:\MCC18\src\traditional\math\barg.asm
                   __BEXP   0x00000f       data     extern C:\MCC18\src\traditional\math\barg.asm
                __FPFLAGS   0x000001       data     extern C:\MCC18\src\traditional\math\cmath18.asm
            __FPFLAGSbits   0x000001       data     extern C:\MCC18\src\traditional\math\cmath18.asm
                  __REMB0   0x000005       data     extern C:\MCC18\src\traditional\math\aarg.asm
                  __REMB1   0x000004       data     extern C:\MCC18\src\traditional\math\aarg.asm
                  __REMB2   0x000003       data     extern C:\MCC18\src\traditional\math\aarg.asm
                  __REMB3   0x000002       data     extern C:\MCC18\src\traditional\math\aarg.asm
                   __TEMP   0x000013       data     extern C:\MCC18\src\traditional\math\temparg.asm
                 __TEMPB0   0x000013       data     extern C:\MCC18\src\traditional\math\temparg.asm
                 __TEMPB1   0x000012       data     extern C:\MCC18\src\traditional\math\temparg.asm
                 __TEMPB2   0x000011       data     extern C:\MCC18\src\traditional\math\temparg.asm
                 __TEMPB3   0x000010       data     extern C:\MCC18\src\traditional\math\temparg.asm
                  __tmp_0   0x000014       data     static C:\MCC18\src\traditional\stdclib\printf.c
                  __tmp_0   0x000014       data     static C:\MCC18\src\traditional\stdclib\vfprintf.c
                  __tmp_0   0x000014       data     static C:\MCC18\src\traditional\stdclib\putc.c
                  __tmp_0   0x000014       data     static C:\MCC18\src\pmc_common\PWM\pw2setdc.c
                  __tmp_0   0x000014       data     static C:\MCC18\src\pmc_common\PWM\pw1setdc.c
                  __tmp_0   0x000014       data     static C:\MCC18\src\pmc_common\ADC\adcsetch.c
                  __tmp_0   0x000014       data     static C:\MCC18\src\pmc_common\ADC\adcread.c
                  __tmp_0   0x000014       data     static C:\MCC18\src\pmc_common\USART\uopen.c
                  __tmp_0   0x000014       data     static C:\MCC18\src\pmc_common\ADC\adcopen.c
                  __tmp_0   0x000014       data     static C:\Users\Brad\Documents\GitHub\hermesbot\osc.c
                  __tmp_0   0x000014       data     static C:\Users\Brad\Documents\GitHub\hermesbot\sumovore.c
                curr_byte   0x000092       data     static C:\MCC18\src\traditional\startup\c018i.c
               curr_entry   0x000094       data     static C:\MCC18\src\traditional\startup\c018i.c
                 data_ptr   0x000096       data     static C:\MCC18\src\traditional\startup\c018i.c
                 lvd_flag   0x00009d       data     static C:\Users\Brad\Documents\GitHub\hermesbot\interrupts.c
             motor_speeds   0x000081       data     static C:\Users\Brad\Documents\GitHub\hermesbot\sumovore.c
                     prom   0x00008f       data     static C:\MCC18\src\traditional\startup\c018i.c
                   stdout   0x00009b       data     extern C:\MCC18\src\traditional\stdclib\stdout.c
                threshold   0x000099       data     extern C:\Users\Brad\Documents\GitHub\hermesbot\sumovore.c



                              Symbols - Sorted by Address
                     Name    Address   Location    Storage File                     
                ---------  ---------  ---------  --------- ---------                
                   _entry   0x000000    program     extern C:\MCC18\src\traditional\startup\c018i.c
       ___return_lbl00000   0x000004    program     static                          
               _user_putc   0x000006    program     extern C:\MCC18\src\traditional\stdclib\_user_putc.c
 interrupt_at_high_vector   0x000008    program     extern C:\Users\Brad\Documents\GitHub\hermesbot\interrupts.c
       ___return_lbl00000   0x00000c    program     static                          
            s_put_n_chars   0x000034    program     static C:\MCC18\src\traditional\stdclib\vfprintf.c
                 vfprintf   0x000060    program     extern C:\MCC18\src\traditional\stdclib\vfprintf.c
              __tmplbl_85   0x00008a    program     static                          
              __tmplbl_44   0x000938    program     static                          
              __tmplbl_43   0x000952    program     static                          
                   __pa_0   0x000974    program     static C:\MCC18\src\traditional\stdclib\vfprintf.c
                   __pa_1   0x00097c    program     static C:\MCC18\src\traditional\stdclib\vfprintf.c
                   __pa_2   0x000986    program     static C:\MCC18\src\traditional\stdclib\vfprintf.c
                   __pa_3   0x000990    program     static C:\MCC18\src\traditional\stdclib\vfprintf.c
                   __pa_4   0x0009a8    program     static C:\MCC18\src\traditional\stdclib\vfprintf.c
                   __pa_5   0x0009bc    program     static C:\MCC18\src\traditional\stdclib\vfprintf.c
                   __pa_6   0x0009d8    program     static C:\MCC18\src\traditional\stdclib\vfprintf.c
                   __pa_7   0x0009e2    program     static C:\MCC18\src\traditional\stdclib\vfprintf.c
                   __pa_8   0x0009ee    program     static C:\MCC18\src\traditional\stdclib\vfprintf.c
                   __pa_9   0x000a10    program     static C:\MCC18\src\traditional\stdclib\vfprintf.c
                  __pa_10   0x000a30    program     static C:\MCC18\src\traditional\stdclib\vfprintf.c
                  __pa_11   0x000a3e    program     static C:\MCC18\src\traditional\stdclib\vfprintf.c
                  __pa_12   0x000a54    program     static C:\MCC18\src\traditional\stdclib\vfprintf.c
                  __pa_13   0x000a6e    program     static C:\MCC18\src\traditional\stdclib\vfprintf.c
                  __pa_14   0x000a86    program     static C:\MCC18\src\traditional\stdclib\vfprintf.c
                  __pa_15   0x000a96    program     static C:\MCC18\src\traditional\stdclib\vfprintf.c
                  __pa_16   0x000aac    program     static C:\MCC18\src\traditional\stdclib\vfprintf.c
                  __pa_17   0x000abe    program     static C:\MCC18\src\traditional\stdclib\vfprintf.c
                  __pa_18   0x000ad0    program     static C:\MCC18\src\traditional\stdclib\vfprintf.c
                  __pa_19   0x000ada    program     static C:\MCC18\src\traditional\stdclib\vfprintf.c
                  __pa_20   0x000aea    program     static C:\MCC18\src\traditional\stdclib\vfprintf.c
                  __pa_21   0x000afa    program     static C:\MCC18\src\traditional\stdclib\vfprintf.c
                  __pa_22   0x000b0a    program     static C:\MCC18\src\traditional\stdclib\vfprintf.c
              __tmplbl_42   0x000b0a    program     static                          
                  __pa_23   0x000b16    program     static C:\MCC18\src\traditional\stdclib\vfprintf.c
                  __pa_24   0x000b24    program     static C:\MCC18\src\traditional\stdclib\vfprintf.c
                  __pa_25   0x000b2c    program     static C:\MCC18\src\traditional\stdclib\vfprintf.c
                  __pa_26   0x000b36    program     static C:\MCC18\src\traditional\stdclib\vfprintf.c
                  __pa_27   0x000b40    program     static C:\MCC18\src\traditional\stdclib\vfprintf.c
                  __pa_28   0x000b48    program     static C:\MCC18\src\traditional\stdclib\vfprintf.c
                  __pa_29   0x000b56    program     static C:\MCC18\src\traditional\stdclib\vfprintf.c
                  __pa_30   0x000b72    program     static C:\MCC18\src\traditional\stdclib\vfprintf.c
                  __pa_31   0x000b8c    program     static C:\MCC18\src\traditional\stdclib\vfprintf.c
                  __pa_32   0x000ba6    program     static C:\MCC18\src\traditional\stdclib\vfprintf.c
                  __pa_33   0x000bbe    program     static C:\MCC18\src\traditional\stdclib\vfprintf.c
                  __pa_34   0x000bc8    program     static C:\MCC18\src\traditional\stdclib\vfprintf.c
                  __pa_35   0x000bd6    program     static C:\MCC18\src\traditional\stdclib\vfprintf.c
                  __pa_36   0x000bde    program     static C:\MCC18\src\traditional\stdclib\vfprintf.c
                  __pa_37   0x000be8    program     static C:\MCC18\src\traditional\stdclib\vfprintf.c
                  __pa_38   0x000bf8    program     static C:\MCC18\src\traditional\stdclib\vfprintf.c
                  __pa_39   0x000c06    program     static C:\MCC18\src\traditional\stdclib\vfprintf.c
                  __pa_40   0x000c12    program     static C:\MCC18\src\traditional\stdclib\vfprintf.c
                  __pa_41   0x000c1e    program     static C:\MCC18\src\traditional\stdclib\vfprintf.c
                  __pa_42   0x000c26    program     static C:\MCC18\src\traditional\stdclib\vfprintf.c
                  __pa_43   0x000c30    program     static C:\MCC18\src\traditional\stdclib\vfprintf.c
                  __pa_44   0x000c36    program     static C:\MCC18\src\traditional\stdclib\vfprintf.c
                  __pa_45   0x000c40    program     static C:\MCC18\src\traditional\stdclib\vfprintf.c
                  __pa_46   0x000c4c    program     static C:\MCC18\src\traditional\stdclib\vfprintf.c
           initialization   0x000c56    program     extern C:\Users\Brad\Documents\GitHub\hermesbot\sumovore.c
        openPORTCforUSART   0x000d14    program     extern C:\Users\Brad\Documents\GitHub\hermesbot\sumovore.c
          openPORTCforPWM   0x000d1a    program     extern C:\Users\Brad\Documents\GitHub\hermesbot\sumovore.c
                openPORTA   0x000d28    program     extern C:\Users\Brad\Documents\GitHub\hermesbot\sumovore.c
                openPORTB   0x000d2e    program     extern C:\Users\Brad\Documents\GitHub\hermesbot\sumovore.c
                openPORTD   0x000d34    program     extern C:\Users\Brad\Documents\GitHub\hermesbot\sumovore.c
                openPORTE   0x000d3a    program     extern C:\Users\Brad\Documents\GitHub\hermesbot\sumovore.c
          set_motor_speed   0x000d3e    program     extern C:\Users\Brad\Documents\GitHub\hermesbot\sumovore.c
         motors_brake_all   0x000e40    program     extern C:\Users\Brad\Documents\GitHub\hermesbot\sumovore.c
                      adc   0x000e6a    program     extern C:\Users\Brad\Documents\GitHub\hermesbot\sumovore.c
            check_sensors   0x000e96    program     extern C:\Users\Brad\Documents\GitHub\hermesbot\sumovore.c
                 set_leds   0x000f6a    program     extern C:\Users\Brad\Documents\GitHub\hermesbot\sumovore.c
                  PORtask   0x000faa    program     extern C:\Users\Brad\Documents\GitHub\hermesbot\sumovore.c
        ___while_lbl00031   0x000ff6    program     static                          
              __tmplbl_10   0x00100e    program     static                          
              __tmplbl_11   0x00102e    program     static                          
         ___else_lbl00035   0x001058    program     static                          
              __tmplbl_12   0x001074    program     static                          
           ___if_lbl00034   0x00107a    program     static                          
           ___if_lbl00033   0x00107a    program     static                          
        ___while_lbl00032   0x001090    program     static                          
       ___return_lbl00030   0x001090    program     static                          
                  BORtask   0x0010a4    program     extern C:\Users\Brad\Documents\GitHub\hermesbot\sumovore.c
                  WDTtask   0x0010cc    program     extern C:\Users\Brad\Documents\GitHub\hermesbot\sumovore.c
               STKFULtask   0x0010f0    program     extern C:\Users\Brad\Documents\GitHub\hermesbot\sumovore.c
                RESETtask   0x001116    program     extern C:\Users\Brad\Documents\GitHub\hermesbot\sumovore.c
                  openLVD   0x00113a    program     extern C:\Users\Brad\Documents\GitHub\hermesbot\sumovore.c
                   LVtrap   0x001152    program     extern C:\Users\Brad\Documents\GitHub\hermesbot\sumovore.c
                    gtrap   0x001178    program     extern C:\Users\Brad\Documents\GitHub\hermesbot\sumovore.c
        ___while_lbl00043   0x001190    program     static                          
              __tmplbl_13   0x0011ac    program     static                          
         ___else_lbl00047   0x0011c0    program     static                          
              __tmplbl_14   0x0011da    program     static                          
           ___if_lbl00045   0x0011e0    program     static                          
           ___if_lbl00046   0x0011e0    program     static                          
        ___while_lbl00044   0x0011f4    program     static                          
       ___return_lbl00042   0x0011f4    program     static                          
          robot_test_left   0x001208    program     extern C:\Users\Brad\Documents\GitHub\hermesbot\robot_test.c
         robot_test_right   0x00130e    program     extern C:\Users\Brad\Documents\GitHub\hermesbot\robot_test.c
            set_osc_32MHz   0x001422    program     extern C:\Users\Brad\Documents\GitHub\hermesbot\osc.c
            set_osc_16MHz   0x001470    program     extern C:\Users\Brad\Documents\GitHub\hermesbot\osc.c
             set_osc_8MHz   0x0014be    program     extern C:\Users\Brad\Documents\GitHub\hermesbot\osc.c
             set_osc_4MHz   0x00150a    program     extern C:\Users\Brad\Documents\GitHub\hermesbot\osc.c
             set_osc_2MHz   0x001556    program     extern C:\Users\Brad\Documents\GitHub\hermesbot\osc.c
             set_osc_1MHz   0x0015a2    program     extern C:\Users\Brad\Documents\GitHub\hermesbot\osc.c
            motor_control   0x0015ee    program     extern C:\Users\Brad\Documents\GitHub\hermesbot\motor_control.c
                spin_left   0x001624    program     extern C:\Users\Brad\Documents\GitHub\hermesbot\motor_control.c
                turn_left   0x001656    program     extern C:\Users\Brad\Documents\GitHub\hermesbot\motor_control.c
             straight_fwd   0x00168a    program     extern C:\Users\Brad\Documents\GitHub\hermesbot\motor_control.c
               spin_right   0x0016be    program     extern C:\Users\Brad\Documents\GitHub\hermesbot\motor_control.c
               turn_right   0x0016f0    program     extern C:\Users\Brad\Documents\GitHub\hermesbot\motor_control.c
                 delay_1S   0x001724    program     extern C:\Users\Brad\Documents\GitHub\hermesbot\my_delay_functions.c
                delay_1DS   0x00176e    program     extern C:\Users\Brad\Documents\GitHub\hermesbot\my_delay_functions.c
                delay_1CS   0x00179a    program     extern C:\Users\Brad\Documents\GitHub\hermesbot\my_delay_functions.c
                delay_1MS   0x0017c6    program     extern C:\Users\Brad\Documents\GitHub\hermesbot\my_delay_functions.c
                _do_cinit   0x0017f2    program     extern C:\MCC18\src\traditional\startup\c018i.c
                     test   0x00180c    program     static                          
                copy_loop   0x001864    program     static                          
            copy_one_byte   0x00186a    program     static                          
             done_copying   0x001878    program     static                          
       ___return_lbl00002   0x00188e    program     static                          
                     done   0x00188e    program     static                          
                   printf   0x001890    program     extern C:\MCC18\src\traditional\stdclib\printf.c
                OpenUSART   0x001928    program     extern C:\MCC18\src\pmc_common\USART\uopen.c
                     putc   0x0019b2    program     extern C:\MCC18\src\traditional\stdclib\putc.c
                 OpenPWM2   0x001a36    program     extern C:\MCC18\src\pmc_common\PWM\pw2open.c
         ___else_lbl00002   0x001a72    program     static                          
           ___if_lbl00001   0x001a76    program     static                          
         ___else_lbl00004   0x001a80    program     static                          
           ___if_lbl00003   0x001a82    program     static                          
       ___return_lbl00000   0x001a94    program     static                          
                  FXM3232   0x001aac    program     extern C:\MCC18\src\traditional\math\fxm3232.c
       ___return_lbl00000   0x001b1a    program     static                          
               __string_0   0x001b1c    program     static C:\Users\Brad\Documents\GitHub\hermesbot\main.c
               __string_5   0x001b5c    program     static C:\Users\Brad\Documents\GitHub\hermesbot\sumovore.c
               __string_4   0x001b63    program     static C:\Users\Brad\Documents\GitHub\hermesbot\sumovore.c
               __string_3   0x001b6d    program     static C:\Users\Brad\Documents\GitHub\hermesbot\sumovore.c
               __string_2   0x001b76    program     static C:\Users\Brad\Documents\GitHub\hermesbot\sumovore.c
               __string_1   0x001b7f    program     static C:\Users\Brad\Documents\GitHub\hermesbot\sumovore.c
               __string_0   0x001b85    program     static C:\Users\Brad\Documents\GitHub\hermesbot\sumovore.c
                  OpenADC   0x001b8c    program     extern C:\MCC18\src\pmc_common\ADC\adcopen.c
                     main   0x001bfa    program     extern C:\Users\Brad\Documents\GitHub\hermesbot\main.c
        ___while_lbl00001   0x001c2a    program     static                          
           ___if_lbl00003   0x001c44    program     static                          
        ___while_lbl00002   0x001c46    program     static                          
       ___return_lbl00000   0x001c46    program     static                          
               robot_test   0x001c48    program     extern C:\Users\Brad\Documents\GitHub\hermesbot\main.c
                   strlen   0x001c62    program     extern C:\MCC18\src\traditional\stdclib\strlen.asm
                    jLoop   0x001c72    program     static C:\MCC18\src\traditional\stdclib\strlen.asm
                     jEnd   0x001c7c    program     static C:\MCC18\src\traditional\stdclib\strlen.asm
                strlenpgm   0x001c7e    program     extern C:\MCC18\src\traditional\stdclib\slenpgm.asm
                    jLoop   0x001c9c    program     static C:\MCC18\src\traditional\stdclib\slenpgm.asm
                   _2jEnd   0x001cb2    program     static C:\MCC18\src\traditional\stdclib\slenpgm.asm
                     jEnd   0x001cb4    program     static C:\MCC18\src\traditional\stdclib\slenpgm.asm
                SetDCPWM2   0x001cc8    program     extern C:\MCC18\src\pmc_common\PWM\pw2setdc.c
                SetDCPWM1   0x001d26    program     extern C:\MCC18\src\pmc_common\PWM\pw1setdc.c
                 FXM1616S   0x001d84    program     extern C:\MCC18\src\traditional\math\fxm1616s.asm
               TSIGN1616A   0x001dd0    program     static C:\MCC18\src\traditional\math\fxm1616s.asm
                 FXD3232U   0x001dde    program     extern C:\MCC18\src\traditional\math\fxd3232u.c
                     loop   0x001dec    program     static                          
                   _false   0x001e20    program     static                          
       ___return_lbl00000   0x001e24    program     static                          
               OpenTimer0   0x001e26    program     extern C:\MCC18\src\pmc_common\Timers\t0open.c
               OpenTimer2   0x001e5e    program     extern C:\MCC18\src\pmc_common\Timers\t2open.c
                 OpenPWM1   0x001e94    program     extern C:\MCC18\src\pmc_common\PWM\pw1open.c
         OpenPWM1ConfigIO   0x001ec0    program     extern C:\MCC18\src\pmc_common\PWM\pw1open.c
             Delay10KTCYx   0x001ec4    program     extern C:\MCC18\src\traditional\delays\d10ktcyx.asm
                    D10Kx   0x001ece    program     static C:\MCC18\src\traditional\delays\d10ktcyx.asm
                   D10K_1   0x001ed0    program     static C:\MCC18\src\traditional\delays\d10ktcyx.asm
       _D10KTCYXCODE_0010   0x001ed4    program     static C:\MCC18\src\traditional\delays\d10ktcyx.asm
                    D10Kl   0x001edc    program     static C:\MCC18\src\traditional\delays\d10ktcyx.asm
       _D10KTCYXCODE_001C   0x001ee0    program     static C:\MCC18\src\traditional\delays\d10ktcyx.asm
               SetChanADC   0x001ef2    program     extern C:\MCC18\src\pmc_common\ADC\adcsetch.c
                 high_isr   0x001f20    program     extern C:\Users\Brad\Documents\GitHub\hermesbot\interrupts.c
             lvd_flag_set   0x001f46    program     extern C:\Users\Brad\Documents\GitHub\hermesbot\interrupts.c
                  isdigit   0x001f4c    program     extern C:\MCC18\src\traditional\stdclib\isdigit.asm
                   jMatch   0x001f6c    program     static C:\MCC18\src\traditional\stdclib\isdigit.asm
                 jNoMatch   0x001f6e    program     static C:\MCC18\src\traditional\stdclib\isdigit.asm
              Delay1KTCYx   0x001f70    program     extern C:\MCC18\src\traditional\delays\d1ktcyx.asm
                     D1Kx   0x001f7a    program     static C:\MCC18\src\traditional\delays\d1ktcyx.asm
                    D1K_1   0x001f7c    program     static C:\MCC18\src\traditional\delays\d1ktcyx.asm
        _D1KTCYXCODE_0010   0x001f80    program     static C:\MCC18\src\traditional\delays\d1ktcyx.asm
        _D1KTCYXCODE_0016   0x001f86    program     static C:\MCC18\src\traditional\delays\d1ktcyx.asm
            __zero_memory   0x001f90    program     extern C:\MCC18\src\traditional\proc\p18F4525.asm
               zero_block   0x001f9e    program     static C:\MCC18\src\traditional\proc\p18F4525.asm
                   loop_h   0x001f9e    program     static C:\MCC18\src\traditional\proc\p18F4525.asm
                compare_l   0x001fa6    program     static C:\MCC18\src\traditional\proc\p18F4525.asm
                   loop_l   0x001fa8    program     static C:\MCC18\src\traditional\proc\p18F4525.asm
                 _startup   0x001fb0    program     extern C:\MCC18\src\traditional\startup\c018i.c
                     loop   0x001fc0    program     static                          
       ___return_lbl00001   0x001fca    program     static                          
              _usart_putc   0x001fcc    program     extern C:\MCC18\src\pmc_common\USART\_usartpc.asm
                     loop   0x001fdc    program     static C:\MCC18\src\pmc_common\USART\_usartpc.asm
                  isWDTTO   0x001fe8    program     extern C:\MCC18\src\pmc_common\reset\iswdtto.c
                    isPOR   0x002000    program     extern C:\MCC18\src\pmc_common\reset\ispor.c
                  ReadADC   0x002018    program     extern C:\MCC18\src\pmc_common\ADC\adcread.c
                 s_digits   0x00202a    program     static C:\MCC18\src\traditional\stdclib\vfprintf.c
                    isBOR   0x00203c    program     extern C:\MCC18\src\pmc_common\reset\isbor.c
                  BusyADC   0x002048    program     extern C:\MCC18\src\pmc_common\ADC\adcbusy.c
              StatusReset   0x002052    program     extern C:\MCC18\src\pmc_common\reset\statrst.c
               ConvertADC   0x002058    program     extern C:\MCC18\src\pmc_common\ADC\adcconv.c
                   __init   0x00205c    program     extern C:\MCC18\src\traditional\stdclib\__init.c
               __config_0   0x300001    program     static C:\Users\Brad\Documents\GitHub\hermesbot\sumovore.c
               __config_1   0x300002    program     static C:\Users\Brad\Documents\GitHub\hermesbot\sumovore.c
               __config_2   0x300003    program     static C:\Users\Brad\Documents\GitHub\hermesbot\sumovore.c
               __config_3   0x300005    program     static C:\Users\Brad\Documents\GitHub\hermesbot\sumovore.c
               __config_4   0x300006    program     static C:\Users\Brad\Documents\GitHub\hermesbot\sumovore.c
                     SIGN   0x000000       data     extern C:\MCC18\src\traditional\math\cmath18.asm
            __FPFLAGSbits   0x000001       data     extern C:\MCC18\src\traditional\math\cmath18.asm
                __FPFLAGS   0x000001       data     extern C:\MCC18\src\traditional\math\cmath18.asm
                  __REMB3   0x000002       data     extern C:\MCC18\src\traditional\math\aarg.asm
[...]
                curr_byte   0x000092       data     static C:\MCC18\src\traditional\startup\c018i.c
               curr_entry   0x000094       data     static C:\MCC18\src\traditional\startup\c018i.c
                 data_ptr   0x000096       data     static C:\MCC18\src\traditional\startup\c018i.c
                threshold   0x000099       data     extern C:\Users\Brad\Documents\GitHub\hermesbot\sumovore.c
                   stdout   0x00009b       data     extern C:\MCC18\src\traditional\stdclib\stdout.c
                 lvd_flag   0x00009d       data     static C:\Users\Brad\Documents\GitHub\hermesbot\interrupts.c
                    PORTA   0x000f80       data     extern C:\MCC18\src\traditional\proc\p18F4525.asm
                PORTAbits   0x000f80       data     extern C:\MCC18\src\traditional\proc\p18F4525.asm
                    PORTB   0x000f81       data     extern C:\MCC18\src\traditional\proc\p18F4525.asm
                PORTBbits   0x000f81       data     extern C:\MCC18\src\traditional\proc\p18F4525.asm
                    PORTC   0x000f82       data     extern C:\MCC18\src\traditional\proc\p18F4525.asm
                PORTCbits   0x000f82       data     extern C:\MCC18\src\traditional\proc\p18F4525.asm
                    PORTD   0x000f83       data     extern C:\MCC18\src\traditional\proc\p18F4525.asm
                PORTDbits   0x000f83       data     extern C:\MCC18\src\traditional\proc\p18F4525.asm
                    PORTE   0x000f84       data     extern C:\MCC18\src\traditional\proc\p18F4525.asm
                PORTEbits   0x000f84       data     extern C:\MCC18\src\traditional\proc\p18F4525.asm
                 LATAbits   0x000f89       data     extern C:\MCC18\src\traditional\proc\p18F4525.asm
                     LATA   0x000f89       data     extern C:\MCC18\src\traditional\proc\p18F4525.asm
                 LATBbits   0x000f8a       data     extern C:\MCC18\src\traditional\proc\p18F4525.asm
                     LATB   0x000f8a       data     extern C:\MCC18\src\traditional\proc\p18F4525.asm
                     LATC   0x000f8b       data     extern C:\MCC18\src\traditional\proc\p18F4525.asm
                 LATCbits   0x000f8b       data     extern C:\MCC18\src\traditional\proc\p18F4525.asm
                     LATD   0x000f8c       data     extern C:\MCC18\src\traditional\proc\p18F4525.asm
                 LATDbits   0x000f8c       data     extern C:\MCC18\src\traditional\proc\p18F4525.asm
                 LATEbits   0x000f8d       data     extern C:\MCC18\src\traditional\proc\p18F4525.asm
                     LATE   0x000f8d       data     extern C:\MCC18\src\traditional\proc\p18F4525.asm
                TRISAbits   0x000f92       data     extern C:\MCC18\src\traditional\proc\p18F4525.asm
                     DDRA   0x000f92       data     extern C:\MCC18\src\traditional\proc\p18F4525.asm
                 DDRAbits   0x000f92       data     extern C:\MCC18\src\traditional\proc\p18F4525.asm
                    TRISA   0x000f92       data     extern C:\MCC18\src\traditional\proc\p18F4525.asm
                    TRISB   0x000f93       data     extern C:\MCC18\src\traditional\proc\p18F4525.asm
                TRISBbits   0x000f93       data     extern C:\MCC18\src\traditional\proc\p18F4525.asm
                     DDRB   0x000f93       data     extern C:\MCC18\src\traditional\proc\p18F4525.asm
                 DDRBbits   0x000f93       data     extern C:\MCC18\src\traditional\proc\p18F4525.asm
                TRISCbits   0x000f94       data     extern C:\MCC18\src\traditional\proc\p18F4525.asm
                    TRISC   0x000f94       data     extern C:\MCC18\src\traditional\proc\p18F4525.asm
                     DDRC   0x000f94       data     extern C:\MCC18\src\traditional\proc\p18F4525.asm
                 DDRCbits   0x000f94       data     extern C:\MCC18\src\traditional\proc\p18F4525.asm
                    TRISD   0x000f95       data     extern C:\MCC18\src\traditional\proc\p18F4525.asm
                TRISDbits   0x000f95       data     extern C:\MCC18\src\traditional\proc\p18F4525.asm
                 DDRDbits   0x000f95       data     extern C:\MCC18\src\traditional\proc\p18F4525.asm
                     DDRD   0x000f95       data     extern C:\MCC18\src\traditional\proc\p18F4525.asm
                 DDREbits   0x000f96       data     extern C:\MCC18\src\traditional\proc\p18F4525.asm
                     DDRE   0x000f96       data     extern C:\MCC18\src\traditional\proc\p18F4525.asm
                TRISEbits   0x000f96       data     extern C:\MCC18\src\traditional\proc\p18F4525.asm
                    TRISE   0x000f96       data     extern C:\MCC18\src\traditional\proc\p18F4525.asm
                  OSCTUNE   0x000f9b       data     extern C:\MCC18\src\traditional\proc\p18F4525.asm
              OSCTUNEbits   0x000f9b       data     extern C:\MCC18\src\traditional\proc\p18F4525.asm
                 PIE1bits   0x000f9d       data     extern C:\MCC18\src\traditional\proc\p18F4525.asm
                     PIE1   0x000f9d       data     extern C:\MCC18\src\traditional\proc\p18F4525.asm
                     PIR1   0x000f9e       data     extern C:\MCC18\src\traditional\proc\p18F4525.asm
                 PIR1bits   0x000f9e       data     extern C:\MCC18\src\traditional\proc\p18F4525.asm
                     IPR1   0x000f9f       data     extern C:\MCC18\src\traditional\proc\p18F4525.asm
                 IPR1bits   0x000f9f       data     extern C:\MCC18\src\traditional\proc\p18F4525.asm
                     PIE2   0x000fa0       data     extern C:\MCC18\src\traditional\proc\p18F4525.asm
                 PIE2bits   0x000fa0       data     extern C:\MCC18\src\traditional\proc\p18F4525.asm
                     PIR2   0x000fa1       data     extern C:\MCC18\src\traditional\proc\p18F4525.asm
                 PIR2bits   0x000fa1       data     extern C:\MCC18\src\traditional\proc\p18F4525.asm
                     IPR2   0x000fa2       data     extern C:\MCC18\src\traditional\proc\p18F4525.asm
                 IPR2bits   0x000fa2       data     extern C:\MCC18\src\traditional\proc\p18F4525.asm
               EECON1bits   0x000fa6       data     extern C:\MCC18\src\traditional\proc\p18F4525.asm
                   EECON1   0x000fa6       data     extern C:\MCC18\src\traditional\proc\p18F4525.asm
                   EECON2   0x000fa7       data     extern C:\MCC18\src\traditional\proc\p18F4525.asm
                   EEDATA   0x000fa8       data     extern C:\MCC18\src\traditional\proc\p18F4525.asm
                    EEADR   0x000fa9       data     extern C:\MCC18\src\traditional\proc\p18F4525.asm
                   EEADRH   0x000faa       data     extern C:\MCC18\src\traditional\proc\p18F4525.asm
                    RCSTA   0x000fab       data     extern C:\MCC18\src\traditional\proc\p18F4525.asm
                RCSTAbits   0x000fab       data     extern C:\MCC18\src\traditional\proc\p18F4525.asm
                    TXSTA   0x000fac       data     extern C:\MCC18\src\traditional\proc\p18F4525.asm
                TXSTAbits   0x000fac       data     extern C:\MCC18\src\traditional\proc\p18F4525.asm
                    TXREG   0x000fad       data     extern C:\MCC18\src\traditional\proc\p18F4525.asm
                    RCREG   0x000fae       data     extern C:\MCC18\src\traditional\proc\p18F4525.asm
                    SPBRG   0x000faf       data     extern C:\MCC18\src\traditional\proc\p18F4525.asm
                   SPBRGH   0x000fb0       data     extern C:\MCC18\src\traditional\proc\p18F4525.asm
                T3CONbits   0x000fb1       data     extern C:\MCC18\src\traditional\proc\p18F4525.asm
                    T3CON   0x000fb1       data     extern C:\MCC18\src\traditional\proc\p18F4525.asm
                    TMR3L   0x000fb2       data     extern C:\MCC18\src\traditional\proc\p18F4525.asm
                    TMR3H   0x000fb3       data     extern C:\MCC18\src\traditional\proc\p18F4525.asm
                CMCONbits   0x000fb4       data     extern C:\MCC18\src\traditional\proc\p18F4525.asm
                    CMCON   0x000fb4       data     extern C:\MCC18\src\traditional\proc\p18F4525.asm
                   CVRCON   0x000fb5       data     extern C:\MCC18\src\traditional\proc\p18F4525.asm
               CVRCONbits   0x000fb5       data     extern C:\MCC18\src\traditional\proc\p18F4525.asm
                  ECCP1AS   0x000fb6       data     extern C:\MCC18\src\traditional\proc\p18F4525.asm
              ECCP1ASbits   0x000fb6       data     extern C:\MCC18\src\traditional\proc\p18F4525.asm
                   ECCPAS   0x000fb6       data     extern C:\MCC18\src\traditional\proc\p18F4525.asm
               ECCPASbits   0x000fb6       data     extern C:\MCC18\src\traditional\proc\p18F4525.asm
                  PWM1CON   0x000fb7       data     extern C:\MCC18\src\traditional\proc\p18F4525.asm
              PWM1CONbits   0x000fb7       data     extern C:\MCC18\src\traditional\proc\p18F4525.asm
              BAUDCTLbits   0x000fb8       data     extern C:\MCC18\src\traditional\proc\p18F4525.asm
                  BAUDCTL   0x000fb8       data     extern C:\MCC18\src\traditional\proc\p18F4525.asm
              BAUDCONbits   0x000fb8       data     extern C:\MCC18\src\traditional\proc\p18F4525.asm
                  BAUDCON   0x000fb8       data     extern C:\MCC18\src\traditional\proc\p18F4525.asm
              CCP2CONbits   0x000fba       data     extern C:\MCC18\src\traditional\proc\p18F4525.asm
                  CCP2CON   0x000fba       data     extern C:\MCC18\src\traditional\proc\p18F4525.asm
                   CCPR2L   0x000fbb       data     extern C:\MCC18\src\traditional\proc\p18F4525.asm
                    CCPR2   0x000fbb       data     extern C:\MCC18\src\traditional\proc\p18F4525.asm
                   CCPR2H   0x000fbc       data     extern C:\MCC18\src\traditional\proc\p18F4525.asm
                  CCP1CON   0x000fbd       data     extern C:\MCC18\src\traditional\proc\p18F4525.asm
              CCP1CONbits   0x000fbd       data     extern C:\MCC18\src\traditional\proc\p18F4525.asm
                   CCPR1L   0x000fbe       data     extern C:\MCC18\src\traditional\proc\p18F4525.asm
                    CCPR1   0x000fbe       data     extern C:\MCC18\src\traditional\proc\p18F4525.asm
                   CCPR1H   0x000fbf       data     extern C:\MCC18\src\traditional\proc\p18F4525.asm
                   ADCON2   0x000fc0       data     extern C:\MCC18\src\traditional\proc\p18F4525.asm
               ADCON2bits   0x000fc0       data     extern C:\MCC18\src\traditional\proc\p18F4525.asm
                   ADCON1   0x000fc1       data     extern C:\MCC18\src\traditional\proc\p18F4525.asm
               ADCON1bits   0x000fc1       data     extern C:\MCC18\src\traditional\proc\p18F4525.asm
                   ADCON0   0x000fc2       data     extern C:\MCC18\src\traditional\proc\p18F4525.asm
               ADCON0bits   0x000fc2       data     extern C:\MCC18\src\traditional\proc\p18F4525.asm
                    ADRES   0x000fc3       data     extern C:\MCC18\src\traditional\proc\p18F4525.asm
                   ADRESL   0x000fc3       data     extern C:\MCC18\src\traditional\proc\p18F4525.asm
                   ADRESH   0x000fc4       data     extern C:\MCC18\src\traditional\proc\p18F4525.asm
                  SSPCON2   0x000fc5       data     extern C:\MCC18\src\traditional\proc\p18F4525.asm
              SSPCON2bits   0x000fc5       data     extern C:\MCC18\src\traditional\proc\p18F4525.asm
                  SSPCON1   0x000fc6       data     extern C:\MCC18\src\traditional\proc\p18F4525.asm
              SSPCON1bits   0x000fc6       data     extern C:\MCC18\src\traditional\proc\p18F4525.asm
              SSPSTATbits   0x000fc7       data     extern C:\MCC18\src\traditional\proc\p18F4525.asm
                  SSPSTAT   0x000fc7       data     extern C:\MCC18\src\traditional\proc\p18F4525.asm
                   SSPADD   0x000fc8       data     extern C:\MCC18\src\traditional\proc\p18F4525.asm
                   SSPBUF   0x000fc9       data     extern C:\MCC18\src\traditional\proc\p18F4525.asm
                    T2CON   0x000fca       data     extern C:\MCC18\src\traditional\proc\p18F4525.asm
                T2CONbits   0x000fca       data     extern C:\MCC18\src\traditional\proc\p18F4525.asm
                      PR2   0x000fcb       data     extern C:\MCC18\src\traditional\proc\p18F4525.asm
                     TMR2   0x000fcc       data     extern C:\MCC18\src\traditional\proc\p18F4525.asm
                    T1CON   0x000fcd       data     extern C:\MCC18\src\traditional\proc\p18F4525.asm
                T1CONbits   0x000fcd       data     extern C:\MCC18\src\traditional\proc\p18F4525.asm
                    TMR1L   0x000fce       data     extern C:\MCC18\src\traditional\proc\p18F4525.asm
                    TMR1H   0x000fcf       data     extern C:\MCC18\src\traditional\proc\p18F4525.asm
                     RCON   0x000fd0       data     extern C:\MCC18\src\traditional\proc\p18F4525.asm
                 RCONbits   0x000fd0       data     extern C:\MCC18\src\traditional\proc\p18F4525.asm
                   WDTCON   0x000fd1       data     extern C:\MCC18\src\traditional\proc\p18F4525.asm
               WDTCONbits   0x000fd1       data     extern C:\MCC18\src\traditional\proc\p18F4525.asm
                   LVDCON   0x000fd2       data     extern C:\MCC18\src\traditional\proc\p18F4525.asm
              HLVDCONbits   0x000fd2       data     extern C:\MCC18\src\traditional\proc\p18F4525.asm
                  HLVDCON   0x000fd2       data     extern C:\MCC18\src\traditional\proc\p18F4525.asm
               LVDCONbits   0x000fd2       data     extern C:\MCC18\src\traditional\proc\p18F4525.asm
               OSCCONbits   0x000fd3       data     extern C:\MCC18\src\traditional\proc\p18F4525.asm
                   OSCCON   0x000fd3       data     extern C:\MCC18\src\traditional\proc\p18F4525.asm
                    DEBUG   0x000fd4       data     extern C:\MCC18\src\traditional\proc\p18F4525.asm
                T0CONbits   0x000fd5       data     extern C:\MCC18\src\traditional\proc\p18F4525.asm
                    T0CON   0x000fd5       data     extern C:\MCC18\src\traditional\proc\p18F4525.asm
                    TMR0L   0x000fd6       data     extern C:\MCC18\src\traditional\proc\p18F4525.asm
                    TMR0H   0x000fd7       data     extern C:\MCC18\src\traditional\proc\p18F4525.asm
               STATUSbits   0x000fd8       data     extern C:\MCC18\src\traditional\proc\p18F4525.asm
                   STATUS   0x000fd8       data     extern C:\MCC18\src\traditional\proc\p18F4525.asm
                    FSR2L   0x000fd9       data     extern C:\MCC18\src\traditional\proc\p18F4525.asm
                     FSR2   0x000fd9       data     extern C:\MCC18\src\traditional\proc\p18F4525.asm
                    FSR2H   0x000fda       data     extern C:\MCC18\src\traditional\proc\p18F4525.asm
                   PLUSW2   0x000fdb       data     extern C:\MCC18\src\traditional\proc\p18F4525.asm
                  PREINC2   0x000fdc       data     extern C:\MCC18\src\traditional\proc\p18F4525.asm
                 POSTDEC2   0x000fdd       data     extern C:\MCC18\src\traditional\proc\p18F4525.asm
                 POSTINC2   0x000fde       data     extern C:\MCC18\src\traditional\proc\p18F4525.asm
                    INDF2   0x000fdf       data     extern C:\MCC18\src\traditional\proc\p18F4525.asm
                      BSR   0x000fe0       data     extern C:\MCC18\src\traditional\proc\p18F4525.asm
                    FSR1L   0x000fe1       data     extern C:\MCC18\src\traditional\proc\p18F4525.asm
                     FSR1   0x000fe1       data     extern C:\MCC18\src\traditional\proc\p18F4525.asm
                    FSR1H   0x000fe2       data     extern C:\MCC18\src\traditional\proc\p18F4525.asm
                   PLUSW1   0x000fe3       data     extern C:\MCC18\src\traditional\proc\p18F4525.asm
                  PREINC1   0x000fe4       data     extern C:\MCC18\src\traditional\proc\p18F4525.asm
                 POSTDEC1   0x000fe5       data     extern C:\MCC18\src\traditional\proc\p18F4525.asm
                 POSTINC1   0x000fe6       data     extern C:\MCC18\src\traditional\proc\p18F4525.asm
                    INDF1   0x000fe7       data     extern C:\MCC18\src\traditional\proc\p18F4525.asm
                        W   0x000fe8       data     extern C:\MCC18\src\traditional\proc\p18F4525.asm
                     WREG   0x000fe8       data     extern C:\MCC18\src\traditional\proc\p18F4525.asm
                    FSR0L   0x000fe9       data     extern C:\MCC18\src\traditional\proc\p18F4525.asm
                     FSR0   0x000fe9       data     extern C:\MCC18\src\traditional\proc\p18F4525.asm
                    FSR0H   0x000fea       data     extern C:\MCC18\src\traditional\proc\p18F4525.asm
                   PLUSW0   0x000feb       data     extern C:\MCC18\src\traditional\proc\p18F4525.asm
                  PREINC0   0x000fec       data     extern C:\MCC18\src\traditional\proc\p18F4525.asm
                 POSTDEC0   0x000fed       data     extern C:\MCC18\src\traditional\proc\p18F4525.asm
                 POSTINC0   0x000fee       data     extern C:\MCC18\src\traditional\proc\p18F4525.asm
                    INDF0   0x000fef       data     extern C:\MCC18\src\traditional\proc\p18F4525.asm
              INTCON3bits   0x000ff0       data     extern C:\MCC18\src\traditional\proc\p18F4525.asm
                  INTCON3   0x000ff0       data     extern C:\MCC18\src\traditional\proc\p18F4525.asm
              INTCON2bits   0x000ff1       data     extern C:\MCC18\src\traditional\proc\p18F4525.asm
                  INTCON2   0x000ff1       data     extern C:\MCC18\src\traditional\proc\p18F4525.asm
                   INTCON   0x000ff2       data     extern C:\MCC18\src\traditional\proc\p18F4525.asm
               INTCONbits   0x000ff2       data     extern C:\MCC18\src\traditional\proc\p18F4525.asm
                     PROD   0x000ff3       data     extern C:\MCC18\src\traditional\proc\p18F4525.asm
                    PRODL   0x000ff3       data     extern C:\MCC18\src\traditional\proc\p18F4525.asm
                    PRODH   0x000ff4       data     extern C:\MCC18\src\traditional\proc\p18F4525.asm
                   TABLAT   0x000ff5       data     extern C:\MCC18\src\traditional\proc\p18F4525.asm
                   TBLPTR   0x000ff6       data     extern C:\MCC18\src\traditional\proc\p18F4525.asm
                  TBLPTRL   0x000ff6       data     extern C:\MCC18\src\traditional\proc\p18F4525.asm
                  TBLPTRH   0x000ff7       data     extern C:\MCC18\src\traditional\proc\p18F4525.asm
                  TBLPTRU   0x000ff8       data     extern C:\MCC18\src\traditional\proc\p18F4525.asm
                       PC   0x000ff9       data     extern C:\MCC18\src\traditional\proc\p18F4525.asm
                      PCL   0x000ff9       data     extern C:\MCC18\src\traditional\proc\p18F4525.asm
                   PCLATH   0x000ffa       data     extern C:\MCC18\src\traditional\proc\p18F4525.asm
                   PCLATU   0x000ffb       data     extern C:\MCC18\src\traditional\proc\p18F4525.asm
               STKPTRbits   0x000ffc       data     extern C:\MCC18\src\traditional\proc\p18F4525.asm
                   STKPTR   0x000ffc       data     extern C:\MCC18\src\traditional\proc\p18F4525.asm
                      TOS   0x000ffd       data     extern C:\MCC18\src\traditional\proc\p18F4525.asm
                     TOSL   0x000ffd       data     extern C:\MCC18\src\traditional\proc\p18F4525.asm
                     TOSH   0x000ffe       data     extern C:\MCC18\src\traditional\proc\p18F4525.asm
                     TOSU   0x000fff       data     extern C:\MCC18\src\traditional\proc\p18F4525.asm


